Archive member included to satisfy reference by file (symbol)

/home/admin1/st/stm32cubeide_1.19.0/plugins/com.st.stm32cube.ide.mcu.externaltools.gnu-tools-for-stm32.13.3.rel1.linux64_1.0.0.202410170706/tools/bin/../lib/gcc/arm-none-eabi/13.3.1/../../../../arm-none-eabi/lib/thumb/v7-m/nofp/libc_nano.a(libc_a-exit.o)
                              /home/admin1/st/stm32cubeide_1.19.0/plugins/com.st.stm32cube.ide.mcu.externaltools.gnu-tools-for-stm32.13.3.rel1.linux64_1.0.0.202410170706/tools/bin/../lib/gcc/arm-none-eabi/13.3.1/../../../../arm-none-eabi/lib/thumb/v7-m/nofp/crt0.o (exit)
/home/admin1/st/stm32cubeide_1.19.0/plugins/com.st.stm32cube.ide.mcu.externaltools.gnu-tools-for-stm32.13.3.rel1.linux64_1.0.0.202410170706/tools/bin/../lib/gcc/arm-none-eabi/13.3.1/../../../../arm-none-eabi/lib/thumb/v7-m/nofp/libc_nano.a(libc_a-findfp.o)
                              /home/admin1/st/stm32cubeide_1.19.0/plugins/com.st.stm32cube.ide.mcu.externaltools.gnu-tools-for-stm32.13.3.rel1.linux64_1.0.0.202410170706/tools/bin/../lib/gcc/arm-none-eabi/13.3.1/../../../../arm-none-eabi/lib/thumb/v7-m/nofp/libc_nano.a(libc_a-exit.o) (__stdio_exit_handler)
/home/admin1/st/stm32cubeide_1.19.0/plugins/com.st.stm32cube.ide.mcu.externaltools.gnu-tools-for-stm32.13.3.rel1.linux64_1.0.0.202410170706/tools/bin/../lib/gcc/arm-none-eabi/13.3.1/../../../../arm-none-eabi/lib/thumb/v7-m/nofp/libc_nano.a(libc_a-fwalk.o)
                              /home/admin1/st/stm32cubeide_1.19.0/plugins/com.st.stm32cube.ide.mcu.externaltools.gnu-tools-for-stm32.13.3.rel1.linux64_1.0.0.202410170706/tools/bin/../lib/gcc/arm-none-eabi/13.3.1/../../../../arm-none-eabi/lib/thumb/v7-m/nofp/libc_nano.a(libc_a-findfp.o) (_fwalk_sglue)
/home/admin1/st/stm32cubeide_1.19.0/plugins/com.st.stm32cube.ide.mcu.externaltools.gnu-tools-for-stm32.13.3.rel1.linux64_1.0.0.202410170706/tools/bin/../lib/gcc/arm-none-eabi/13.3.1/../../../../arm-none-eabi/lib/thumb/v7-m/nofp/libc_nano.a(libc_a-stdio.o)
                              /home/admin1/st/stm32cubeide_1.19.0/plugins/com.st.stm32cube.ide.mcu.externaltools.gnu-tools-for-stm32.13.3.rel1.linux64_1.0.0.202410170706/tools/bin/../lib/gcc/arm-none-eabi/13.3.1/../../../../arm-none-eabi/lib/thumb/v7-m/nofp/libc_nano.a(libc_a-findfp.o) (__sread)
/home/admin1/st/stm32cubeide_1.19.0/plugins/com.st.stm32cube.ide.mcu.externaltools.gnu-tools-for-stm32.13.3.rel1.linux64_1.0.0.202410170706/tools/bin/../lib/gcc/arm-none-eabi/13.3.1/../../../../arm-none-eabi/lib/thumb/v7-m/nofp/libc_nano.a(libc_a-memset.o)
                              /home/admin1/st/stm32cubeide_1.19.0/plugins/com.st.stm32cube.ide.mcu.externaltools.gnu-tools-for-stm32.13.3.rel1.linux64_1.0.0.202410170706/tools/bin/../lib/gcc/arm-none-eabi/13.3.1/../../../../arm-none-eabi/lib/thumb/v7-m/nofp/crt0.o (memset)
/home/admin1/st/stm32cubeide_1.19.0/plugins/com.st.stm32cube.ide.mcu.externaltools.gnu-tools-for-stm32.13.3.rel1.linux64_1.0.0.202410170706/tools/bin/../lib/gcc/arm-none-eabi/13.3.1/../../../../arm-none-eabi/lib/thumb/v7-m/nofp/libc_nano.a(libc_a-closer.o)
                              /home/admin1/st/stm32cubeide_1.19.0/plugins/com.st.stm32cube.ide.mcu.externaltools.gnu-tools-for-stm32.13.3.rel1.linux64_1.0.0.202410170706/tools/bin/../lib/gcc/arm-none-eabi/13.3.1/../../../../arm-none-eabi/lib/thumb/v7-m/nofp/libc_nano.a(libc_a-stdio.o) (_close_r)
/home/admin1/st/stm32cubeide_1.19.0/plugins/com.st.stm32cube.ide.mcu.externaltools.gnu-tools-for-stm32.13.3.rel1.linux64_1.0.0.202410170706/tools/bin/../lib/gcc/arm-none-eabi/13.3.1/../../../../arm-none-eabi/lib/thumb/v7-m/nofp/libc_nano.a(libc_a-reent.o)
                              /home/admin1/st/stm32cubeide_1.19.0/plugins/com.st.stm32cube.ide.mcu.externaltools.gnu-tools-for-stm32.13.3.rel1.linux64_1.0.0.202410170706/tools/bin/../lib/gcc/arm-none-eabi/13.3.1/../../../../arm-none-eabi/lib/thumb/v7-m/nofp/libc_nano.a(libc_a-closer.o) (errno)
/home/admin1/st/stm32cubeide_1.19.0/plugins/com.st.stm32cube.ide.mcu.externaltools.gnu-tools-for-stm32.13.3.rel1.linux64_1.0.0.202410170706/tools/bin/../lib/gcc/arm-none-eabi/13.3.1/../../../../arm-none-eabi/lib/thumb/v7-m/nofp/libc_nano.a(libc_a-impure.o)
                              /home/admin1/st/stm32cubeide_1.19.0/plugins/com.st.stm32cube.ide.mcu.externaltools.gnu-tools-for-stm32.13.3.rel1.linux64_1.0.0.202410170706/tools/bin/../lib/gcc/arm-none-eabi/13.3.1/../../../../arm-none-eabi/lib/thumb/v7-m/nofp/libc_nano.a(libc_a-reent.o) (_impure_ptr)
/home/admin1/st/stm32cubeide_1.19.0/plugins/com.st.stm32cube.ide.mcu.externaltools.gnu-tools-for-stm32.13.3.rel1.linux64_1.0.0.202410170706/tools/bin/../lib/gcc/arm-none-eabi/13.3.1/../../../../arm-none-eabi/lib/thumb/v7-m/nofp/libc_nano.a(libc_a-lseekr.o)
[...]
Memory Configuration

Name             Origin             Length             Attributes
RAM              0x20000000         0x00005000         xrw
FLASH            0x08000000         0x00010000         xr
*default*        0x00000000         0xffffffff

Linker script and memory map

LOAD /home/admin1/st/stm32cubeide_1.19.0/plugins/com.st.stm32cube.ide.mcu.externaltools.gnu-tools-for-stm32.13.3.rel1.linux64_1.0.0.202410170706/tools/bin/../lib/gcc/arm-none-eabi/13.3.1/thumb/v7-m/nofp/crti.o
LOAD /home/admin1/st/stm32cubeide_1.19.0/plugins/com.st.stm32cube.ide.mcu.externaltools.gnu-tools-for-stm32.13.3.rel1.linux64_1.0.0.202410170706/tools/bin/../lib/gcc/arm-none-eabi/13.3.1/thumb/v7-m/nofp/crtbegin.o
LOAD /home/admin1/st/stm32cubeide_1.19.0/plugins/com.st.stm32cube.ide.mcu.externaltools.gnu-tools-for-stm32.13.3.rel1.linux64_1.0.0.202410170706/tools/bin/../lib/gcc/arm-none-eabi/13.3.1/../../../../arm-none-eabi/lib/thumb/v7-m/nofp/crt0.o
LOAD ./Core/Src/app_run.o
LOAD ./Core/Src/main.o
LOAD ./Core/Src/stm32f1xx_hal_msp.o
LOAD ./Core/Src/stm32f1xx_it.o
LOAD ./Core/Src/syscalls.o
LOAD ./Core/Src/sysmem.o
LOAD ./Core/Src/system_stm32f1xx.o
LOAD ./Core/Startup/startup_stm32f103c8tx.o
LOAD ./Drivers/STM32F1xx_HAL_Driver/stm32f1xx_hal.o
LOAD ./Drivers/STM32F1xx_HAL_Driver/stm32f1xx_hal_adc.o
LOAD ./Drivers/STM32F1xx_HAL_Driver/stm32f1xx_hal_adc_ex.o
LOAD ./Drivers/STM32F1xx_HAL_Driver/stm32f1xx_hal_cortex.o
LOAD ./Drivers/STM32F1xx_HAL_Driver/stm32f1xx_hal_dma.o
LOAD ./Drivers/STM32F1xx_HAL_Driver/stm32f1xx_hal_exti.o
LOAD ./Drivers/STM32F1xx_HAL_Driver/stm32f1xx_hal_flash.o
LOAD ./Drivers/STM32F1xx_HAL_Driver/stm32f1xx_hal_flash_ex.o
LOAD ./Drivers/STM32F1xx_HAL_Driver/stm32f1xx_hal_gpio.o
LOAD ./Drivers/STM32F1xx_HAL_Driver/stm32f1xx_hal_gpio_ex.o
LOAD ./Drivers/STM32F1xx_HAL_Driver/stm32f1xx_hal_pwr.o
LOAD ./Drivers/STM32F1xx_HAL_Driver/stm32f1xx_hal_rcc.o
LOAD ./Drivers/STM32F1xx_HAL_Driver/stm32f1xx_hal_rcc_ex.o
LOAD ./Drivers/STM32F1xx_HAL_Driver/stm32f1xx_hal_tim.o
LOAD ./Drivers/STM32F1xx_HAL_Driver/stm32f1xx_hal_tim_ex.o
LOAD ./Drivers/STM32F1xx_HAL_Driver/stm32f1xx_hal_uart.o
LOAD ./Scan_matrix_button/scan_matrix.o
START GROUP
LOAD /home/admin1/st/stm32cubeide_1.19.0/plugins/com.st.stm32cube.ide.mcu.externaltools.gnu-tools-for-stm32.13.3.rel1.linux64_1.0.0.202410170706/tools/bin/../lib/gcc/arm-none-eabi/13.3.1/../../../../arm-none-eabi/lib/thumb/v7-m/nofp/libc_nano.a
LOAD /home/admin1/st/stm32cubeide_1.19.0/plugins/com.st.stm32cube.ide.mcu.externaltools.gnu-tools-for-stm32.13.3.rel1.linux64_1.0.0.202410170706/tools/bin/../lib/gcc/arm-none-eabi/13.3.1/../../../../arm-none-eabi/lib/thumb/v7-m/nofp/libm.a
END GROUP
START GROUP
LOAD /home/admin1/st/stm32cubeide_1.19.0/plugins/com.st.stm32cube.ide.mcu.externaltools.gnu-tools-for-stm32.13.3.rel1.linux64_1.0.0.202410170706/tools/bin/../lib/gcc/arm-none-eabi/13.3.1/thumb/v7-m/nofp/libgcc.a
LOAD /home/admin1/st/stm32cubeide_1.19.0/plugins/com.st.stm32cube.ide.mcu.externaltools.gnu-tools-for-stm32.13.3.rel1.linux64_1.0.0.202410170706/tools/bin/../lib/gcc/arm-none-eabi/13.3.1/../../../../arm-none-eabi/lib/thumb/v7-m/nofp/libc_nano.a
END GROUP
START GROUP
LOAD /home/admin1/st/stm32cubeide_1.19.0/plugins/com.st.stm32cube.ide.mcu.externaltools.gnu-tools-for-stm32.13.3.rel1.linux64_1.0.0.202410170706/tools/bin/../lib/gcc/arm-none-eabi/13.3.1/thumb/v7-m/nofp/libgcc.a
LOAD /home/admin1/st/stm32cubeide_1.19.0/plugins/com.st.stm32cube.ide.mcu.externaltools.gnu-tools-for-stm32.13.3.rel1.linux64_1.0.0.202410170706/tools/bin/../lib/gcc/arm-none-eabi/13.3.1/../../../../arm-none-eabi/lib/thumb/v7-m/nofp/libc_nano.a
LOAD /home/admin1/st/stm32cubeide_1.19.0/plugins/com.st.stm32cube.ide.mcu.externaltools.gnu-tools-for-stm32.13.3.rel1.linux64_1.0.0.202410170706/tools/bin/../lib/gcc/arm-none-eabi/13.3.1/../../../../arm-none-eabi/lib/thumb/v7-m/nofp/libnosys.a
END GROUP
START GROUP
LOAD /home/admin1/st/stm32cubeide_1.19.0/plugins/com.st.stm32cube.ide.mcu.externaltools.gnu-tools-for-stm32.13.3.rel1.linux64_1.0.0.202410170706/tools/bin/../lib/gcc/arm-none-eabi/13.3.1/thumb/v7-m/nofp/libgcc.a
LOAD /home/admin1/st/stm32cubeide_1.19.0/plugins/com.st.stm32cube.ide.mcu.externaltools.gnu-tools-for-stm32.13.3.rel1.linux64_1.0.0.202410170706/tools/bin/../lib/gcc/arm-none-eabi/13.3.1/../../../../arm-none-eabi/lib/thumb/v7-m/nofp/libc_nano.a
LOAD /home/admin1/st/stm32cubeide_1.19.0/plugins/com.st.stm32cube.ide.mcu.externaltools.gnu-tools-for-stm32.13.3.rel1.linux64_1.0.0.202410170706/tools/bin/../lib/gcc/arm-none-eabi/13.3.1/../../../../arm-none-eabi/lib/thumb/v7-m/nofp/libnosys.a
END GROUP
LOAD /home/admin1/st/stm32cubeide_1.19.0/plugins/com.st.stm32cube.ide.mcu.externaltools.gnu-tools-for-stm32.13.3.rel1.linux64_1.0.0.202410170706/tools/bin/../lib/gcc/arm-none-eabi/13.3.1/thumb/v7-m/nofp/crtend.o
LOAD /home/admin1/st/stm32cubeide_1.19.0/plugins/com.st.stm32cube.ide.mcu.externaltools.gnu-tools-for-stm32.13.3.rel1.linux64_1.0.0.202410170706/tools/bin/../lib/gcc/arm-none-eabi/13.3.1/thumb/v7-m/nofp/crtn.o
                0x20005000                        _estack = (ORIGIN (RAM) + LENGTH (RAM))
                0x00000200                        _Min_Heap_Size = 0x200
                0x00000400                        _Min_Stack_Size = 0x400

.isr_vector     0x08000000      0x10c
                0x08000000                        . = ALIGN (0x4)
 *(.isr_vector)
 .isr_vector    0x08000000      0x10c ./Core/Startup/startup_stm32f103c8tx.o
                0x08000000                g_pfnVectors
                0x0800010c                        . = ALIGN (0x4)

.text           0x0800010c     0x4834
                0x0800010c                        . = ALIGN (0x4)
 *(.text)
 .text          0x0800010c       0x40 /home/admin1/st/stm32cubeide_1.19.0/plugins/com.st.stm32cube.ide.mcu.externaltools.gnu-tools-for-stm32.13.3.rel1.linux64_1.0.0.202410170706/tools/bin/../lib/gcc/arm-none-eabi/13.3.1/thumb/v7-m/nofp/crtbegin.o
 .text          0x0800014c      0x21c /home/admin1/st/stm32cubeide_1.19.0/plugins/com.st.stm32cube.ide.mcu.externaltools.gnu-tools-for-stm32.13.3.rel1.linux64_1.0.0.202410170706/tools/bin/../lib/gcc/arm-none-eabi/13.3.1/thumb/v7-m/nofp/libgcc.a(_arm_addsubsf3.o)
                0x0800014c                __aeabi_frsub
                0x08000154                __subsf3
                0x08000154                __aeabi_fsub
                0x08000158                __aeabi_fadd
                0x08000158                __addsf3
                0x080002b8                __aeabi_ui2f
                0x080002b8                __floatunsisf
                0x080002c0                __aeabi_i2f
                0x080002c0                __floatsisf
                0x080002dc                __floatundisf
                0x080002dc                __aeabi_ul2f
                0x080002ec                __floatdisf
                0x080002ec                __aeabi_l2f
 .text          0x08000368      0x2a0 /home/admin1/st/stm32cubeide_1.19.0/plugins/com.st.stm32cube.ide.mcu.externaltools.gnu-tools-for-stm32.13.3.rel1.linux64_1.0.0.202410170706/tools/bin/../lib/gcc/arm-none-eabi/13.3.1/thumb/v7-m/nofp/libgcc.a(_arm_muldivsf3.o)
                0x08000368                __mulsf3
                0x08000368                __aeabi_fmul
                0x080004d0                __divsf3
                0x080004d0                __aeabi_fdiv
 .text          0x08000608       0x40 /home/admin1/st/stm32cubeide_1.19.0/plugins/com.st.stm32cube.ide.mcu.externaltools.gnu-tools-for-stm32.13.3.rel1.linux64_1.0.0.202410170706/tools/bin/../lib/gcc/arm-none-eabi/13.3.1/thumb/v7-m/nofp/libgcc.a(_arm_fixunssfsi.o)
                0x08000608                __aeabi_f2uiz
                0x08000608                __fixunssfsi
 *(.text*)
 .text.Create_Buf_RPM_SPEED_TEMP
                0x08000648      0x214 ./Core/Src/app_run.o
                0x08000648                Create_Buf_RPM_SPEED_TEMP
 .text.Xinhan_Task
                0x0800085c       0x70 ./Core/Src/app_run.o
                0x0800085c                Xinhan_Task
 .text.HAL_TIM_PeriodElapsedCallback
                0x080008cc       0x94 ./Core/Src/app_run.o
                0x080008cc                HAL_TIM_PeriodElapsedCallback
 .text.HAL_ADC_ConvCpltCallback
                0x08000960       0xc8 ./Core/Src/app_run.o
                0x08000960                HAL_ADC_ConvCpltCallback
 .text.setup    0x08000a28       0x24 ./Core/Src/app_run.o
                0x08000a28                setup
 .text.loop     0x08000a4c       0x54 ./Core/Src/app_run.o
                0x08000a4c                loop
 .text.main     0x08000aa0       0x32 ./Core/Src/main.o
                0x08000aa0                main
 .text.SystemClock_Config
                0x08000ad2       0xb6 ./Core/Src/main.o
                0x08000ad2                SystemClock_Config
 .text.MX_ADC1_Init
                0x08000b88       0x7c ./Core/Src/main.o
 .text.MX_TIM4_Init
                0x08000c04       0x9c ./Core/Src/main.o
 .text.MX_USART1_UART_Init
                0x08000ca0       0x54 ./Core/Src/main.o
 .text.MX_DMA_Init
                0x08000cf4       0x3c ./Core/Src/main.o
 .text.MX_GPIO_Init
                0x08000d30      0x138 ./Core/Src/main.o
 .text.Error_Handler
                0x08000e68        0xc ./Core/Src/main.o
                0x08000e68                Error_Handler
 .text.HAL_MspInit
                0x08000e74       0x64 ./Core/Src/stm32f1xx_hal_msp.o
                0x08000e74                HAL_MspInit
 .text.HAL_ADC_MspInit
                0x08000ed8       0xe0 ./Core/Src/stm32f1xx_hal_msp.o
                0x08000ed8                HAL_ADC_MspInit
 .text.HAL_TIM_Base_MspInit
                0x08000fb8       0x4c ./Core/Src/stm32f1xx_hal_msp.o
                0x08000fb8                HAL_TIM_Base_MspInit
 .text.HAL_UART_MspInit
                0x08001004       0xa8 ./Core/Src/stm32f1xx_hal_msp.o
                0x08001004                HAL_UART_MspInit
 .text.NMI_Handler
                0x080010ac        0x8 ./Core/Src/stm32f1xx_it.o
                0x080010ac                NMI_Handler
 .text.HardFault_Handler
                0x080010b4        0x8 ./Core/Src/stm32f1xx_it.o
                0x080010b4                HardFault_Handler
 .text.MemManage_Handler
                0x080010bc        0x8 ./Core/Src/stm32f1xx_it.o
                0x080010bc                MemManage_Handler
 .text.BusFault_Handler
                0x080010c4        0x8 ./Core/Src/stm32f1xx_it.o
                0x080010c4                BusFault_Handler
 .text.UsageFault_Handler
                0x080010cc        0x8 ./Core/Src/stm32f1xx_it.o
                0x080010cc                UsageFault_Handler
 .text.SVC_Handler
                0x080010d4        0xc ./Core/Src/stm32f1xx_it.o
                0x080010d4                SVC_Handler
 .text.DebugMon_Handler
                0x080010e0        0xc ./Core/Src/stm32f1xx_it.o
                0x080010e0                DebugMon_Handler
 .text.PendSV_Handler
                0x080010ec        0xc ./Core/Src/stm32f1xx_it.o
                0x080010ec                PendSV_Handler
 .text.SysTick_Handler
                0x080010f8        0xc ./Core/Src/stm32f1xx_it.o
                0x080010f8                SysTick_Handler
 .text.DMA1_Channel1_IRQHandler
                0x08001104       0x14 ./Core/Src/stm32f1xx_it.o
                0x08001104                DMA1_Channel1_IRQHandler
 .text.ADC1_2_IRQHandler
                0x08001118       0x14 ./Core/Src/stm32f1xx_it.o
                0x08001118                ADC1_2_IRQHandler
 .text.TIM4_IRQHandler
                0x0800112c       0x14 ./Core/Src/stm32f1xx_it.o
                0x0800112c                TIM4_IRQHandler
 .text.USART1_IRQHandler
                0x08001140       0x14 ./Core/Src/stm32f1xx_it.o
                0x08001140                USART1_IRQHandler
 .text.SystemInit
                0x08001154        0xc ./Core/Src/system_stm32f1xx.o
                0x08001154                SystemInit
 .text.Reset_Handler
                0x08001160       0x48 ./Core/Startup/startup_stm32f103c8tx.o
                0x08001160                Reset_Handler
 .text.Default_Handler
                0x080011a8        0x2 ./Core/Startup/startup_stm32f103c8tx.o
                0x080011a8                RTC_Alarm_IRQHandler
                0x080011a8                EXTI2_IRQHandler
                0x080011a8                TIM1_CC_IRQHandler
                0x080011a8                PVD_IRQHandler
                0x080011a8                EXTI3_IRQHandler
                0x080011a8                EXTI0_IRQHandler
                0x080011a8                I2C2_EV_IRQHandler
                0x080011a8                SPI1_IRQHandler
                0x080011a8                TAMPER_IRQHandler
                0x080011a8                DMA1_Channel4_IRQHandler
                0x080011a8                USART3_IRQHandler
                0x080011a8                RTC_IRQHandler
                0x080011a8                DMA1_Channel7_IRQHandler
                0x080011a8                CAN1_RX1_IRQHandler
                0x080011a8                I2C1_EV_IRQHandler
                0x080011a8                DMA1_Channel6_IRQHandler
                0x080011a8                TIM3_IRQHandler
                0x080011a8                RCC_IRQHandler
                0x080011a8                TIM1_TRG_COM_IRQHandler
                0x080011a8                Default_Handler
                0x080011a8                EXTI15_10_IRQHandler
                0x080011a8                EXTI9_5_IRQHandler
                0x080011a8                SPI2_IRQHandler
                0x080011a8                DMA1_Channel5_IRQHandler
                0x080011a8                EXTI4_IRQHandler
                0x080011a8                USB_LP_CAN1_RX0_IRQHandler
                0x080011a8                USB_HP_CAN1_TX_IRQHandler
                0x080011a8                DMA1_Channel3_IRQHandler
                0x080011a8                TIM1_UP_IRQHandler
                0x080011a8                WWDG_IRQHandler
                0x080011a8                TIM2_IRQHandler
                0x080011a8                TIM1_BRK_IRQHandler
                0x080011a8                EXTI1_IRQHandler
                0x080011a8                USART2_IRQHandler
                0x080011a8                I2C2_ER_IRQHandler
                0x080011a8                DMA1_Channel2_IRQHandler
                0x080011a8                CAN1_SCE_IRQHandler
                0x080011a8                FLASH_IRQHandler
                0x080011a8                I2C1_ER_IRQHandler
                0x080011a8                USBWakeUp_IRQHandler
 *fill*         0x080011aa        0x2 
 .text.HAL_Init
                0x080011ac       0x2c ./Drivers/STM32F1xx_HAL_Driver/stm32f1xx_hal.o
                0x080011ac                HAL_Init
 .text.HAL_InitTick
                0x080011d8       0x60 ./Drivers/STM32F1xx_HAL_Driver/stm32f1xx_hal.o
                0x080011d8                HAL_InitTick
 .text.HAL_IncTick
                0x08001238       0x24 ./Drivers/STM32F1xx_HAL_Driver/stm32f1xx_hal.o
                0x08001238                HAL_IncTick
 .text.HAL_GetTick
                0x0800125c       0x14 ./Drivers/STM32F1xx_HAL_Driver/stm32f1xx_hal.o
                0x0800125c                HAL_GetTick
 .text.HAL_Delay
                0x08001270       0x48 ./Drivers/STM32F1xx_HAL_Driver/stm32f1xx_hal.o
                0x08001270                HAL_Delay
 .text.HAL_ADC_Init
                0x080012b8      0x1b0 ./Drivers/STM32F1xx_HAL_Driver/stm32f1xx_hal_adc.o
                0x080012b8                HAL_ADC_Init
 .text.HAL_ADC_Start_DMA
                0x08001468      0x1bc ./Drivers/STM32F1xx_HAL_Driver/stm32f1xx_hal_adc.o
                0x08001468                HAL_ADC_Start_DMA
 .text.HAL_ADC_Stop_DMA
                0x08001624       0x98 ./Drivers/STM32F1xx_HAL_Driver/stm32f1xx_hal_adc.o
                0x08001624                HAL_ADC_Stop_DMA
 .text.HAL_ADC_IRQHandler
                0x080016bc      0x17e ./Drivers/STM32F1xx_HAL_Driver/stm32f1xx_hal_adc.o
                0x080016bc                HAL_ADC_IRQHandler
 .text.HAL_ADC_ConvHalfCpltCallback
                0x0800183a       0x12 ./Drivers/STM32F1xx_HAL_Driver/stm32f1xx_hal_adc.o
                0x0800183a                HAL_ADC_ConvHalfCpltCallback
 .text.HAL_ADC_LevelOutOfWindowCallback
                0x0800184c       0x12 ./Drivers/STM32F1xx_HAL_Driver/stm32f1xx_hal_adc.o
                0x0800184c                HAL_ADC_LevelOutOfWindowCallback
 .text.HAL_ADC_ErrorCallback
                0x0800185e       0x12 ./Drivers/STM32F1xx_HAL_Driver/stm32f1xx_hal_adc.o
                0x0800185e                HAL_ADC_ErrorCallback
 .text.HAL_ADC_ConfigChannel
                0x08001870      0x1f0 ./Drivers/STM32F1xx_HAL_Driver/stm32f1xx_hal_adc.o
                0x08001870                HAL_ADC_ConfigChannel
 .text.ADC_Enable
                0x08001a60       0xb4 ./Drivers/STM32F1xx_HAL_Driver/stm32f1xx_hal_adc.o
                0x08001a60                ADC_Enable
 .text.ADC_ConversionStop_Disable
                0x08001b14       0x82 ./Drivers/STM32F1xx_HAL_Driver/stm32f1xx_hal_adc.o
                0x08001b14                ADC_ConversionStop_Disable
 .text.ADC_DMAConvCplt
                0x08001b96       0x7c ./Drivers/STM32F1xx_HAL_Driver/stm32f1xx_hal_adc.o
                0x08001b96                ADC_DMAConvCplt
 .text.ADC_DMAHalfConvCplt
                0x08001c12       0x1c ./Drivers/STM32F1xx_HAL_Driver/stm32f1xx_hal_adc.o
                0x08001c12                ADC_DMAHalfConvCplt
 .text.ADC_DMAError
                0x08001c2e       0x34 ./Drivers/STM32F1xx_HAL_Driver/stm32f1xx_hal_adc.o
                0x08001c2e                ADC_DMAError
 .text.HAL_ADCEx_InjectedConvCpltCallback
                0x08001c62       0x12 ./Drivers/STM32F1xx_HAL_Driver/stm32f1xx_hal_adc_ex.o
                0x08001c62                HAL_ADCEx_InjectedConvCpltCallback
 .text.__NVIC_SetPriorityGrouping
                0x08001c74       0x48 ./Drivers/STM32F1xx_HAL_Driver/stm32f1xx_hal_cortex.o
 .text.__NVIC_GetPriorityGrouping
                0x08001cbc       0x1c ./Drivers/STM32F1xx_HAL_Driver/stm32f1xx_hal_cortex.o
 .text.__NVIC_EnableIRQ
                0x08001cd8       0x38 ./Drivers/STM32F1xx_HAL_Driver/stm32f1xx_hal_cortex.o
 .text.__NVIC_SetPriority
                0x08001d10       0x54 ./Drivers/STM32F1xx_HAL_Driver/stm32f1xx_hal_cortex.o
 .text.NVIC_EncodePriority
                0x08001d64       0x64 ./Drivers/STM32F1xx_HAL_Driver/stm32f1xx_hal_cortex.o
 .text.SysTick_Config
                0x08001dc8       0x44 ./Drivers/STM32F1xx_HAL_Driver/stm32f1xx_hal_cortex.o
 .text.HAL_NVIC_SetPriorityGrouping
                0x08001e0c       0x16 ./Drivers/STM32F1xx_HAL_Driver/stm32f1xx_hal_cortex.o
                0x08001e0c                HAL_NVIC_SetPriorityGrouping
 .text.HAL_NVIC_SetPriority
                0x08001e22       0x38 ./Drivers/STM32F1xx_HAL_Driver/stm32f1xx_hal_cortex.o
                0x08001e22                HAL_NVIC_SetPriority
 .text.HAL_NVIC_EnableIRQ
                0x08001e5a       0x1c ./Drivers/STM32F1xx_HAL_Driver/stm32f1xx_hal_cortex.o
                0x08001e5a                HAL_NVIC_EnableIRQ
 .text.HAL_SYSTICK_Config
                0x08001e76       0x18 ./Drivers/STM32F1xx_HAL_Driver/stm32f1xx_hal_cortex.o
                0x08001e76                HAL_SYSTICK_Config
 *fill*         0x08001e8e        0x2 
 .text.HAL_DMA_Init
                0x08001e90       0xb4 ./Drivers/STM32F1xx_HAL_Driver/stm32f1xx_hal_dma.o
                0x08001e90                HAL_DMA_Init
 .text.HAL_DMA_Start_IT
                0x08001f44       0xc0 ./Drivers/STM32F1xx_HAL_Driver/stm32f1xx_hal_dma.o
                0x08001f44                HAL_DMA_Start_IT
 .text.HAL_DMA_Abort
                0x08002004       0x76 ./Drivers/STM32F1xx_HAL_Driver/stm32f1xx_hal_dma.o
                0x08002004                HAL_DMA_Abort
 *fill*         0x0800207a        0x2 
 .text.HAL_DMA_Abort_IT
                0x0800207c       0xf0 ./Drivers/STM32F1xx_HAL_Driver/stm32f1xx_hal_dma.o
                0x0800207c                HAL_DMA_Abort_IT
 .text.HAL_DMA_IRQHandler
                0x0800216c      0x20c ./Drivers/STM32F1xx_HAL_Driver/stm32f1xx_hal_dma.o
                0x0800216c                HAL_DMA_IRQHandler
 .text.DMA_SetConfig
                0x08002378       0x5a ./Drivers/STM32F1xx_HAL_Driver/stm32f1xx_hal_dma.o
 *fill*         0x080023d2        0x2 
 .text.HAL_GPIO_Init
                0x080023d4      0x308 ./Drivers/STM32F1xx_HAL_Driver/stm32f1xx_hal_gpio.o
                0x080023d4                HAL_GPIO_Init
 .text.HAL_GPIO_ReadPin
                0x080026dc       0x2e ./Drivers/STM32F1xx_HAL_Driver/stm32f1xx_hal_gpio.o
                0x080026dc                HAL_GPIO_ReadPin
 .text.HAL_GPIO_WritePin
                0x0800270a       0x30 ./Drivers/STM32F1xx_HAL_Driver/stm32f1xx_hal_gpio.o
                0x0800270a                HAL_GPIO_WritePin
 .text.HAL_GPIO_TogglePin
                0x0800273a       0x32 ./Drivers/STM32F1xx_HAL_Driver/stm32f1xx_hal_gpio.o
                0x0800273a                HAL_GPIO_TogglePin
 .text.HAL_RCC_OscConfig
                0x0800276c      0x504 ./Drivers/STM32F1xx_HAL_Driver/stm32f1xx_hal_rcc.o
                0x0800276c                HAL_RCC_OscConfig
 .text.HAL_RCC_ClockConfig
                0x08002c70      0x1d4 ./Drivers/STM32F1xx_HAL_Driver/stm32f1xx_hal_rcc.o
                0x08002c70                HAL_RCC_ClockConfig
 .text.HAL_RCC_GetSysClockFreq
                0x08002e44       0xa8 ./Drivers/STM32F1xx_HAL_Driver/stm32f1xx_hal_rcc.o
                0x08002e44                HAL_RCC_GetSysClockFreq
 .text.HAL_RCC_GetHCLKFreq
                0x08002eec       0x14 ./Drivers/STM32F1xx_HAL_Driver/stm32f1xx_hal_rcc.o
                0x08002eec                HAL_RCC_GetHCLKFreq
 .text.HAL_RCC_GetPCLK1Freq
                0x08002f00       0x28 ./Drivers/STM32F1xx_HAL_Driver/stm32f1xx_hal_rcc.o
                0x08002f00                HAL_RCC_GetPCLK1Freq
 .text.HAL_RCC_GetPCLK2Freq
                0x08002f28       0x28 ./Drivers/STM32F1xx_HAL_Driver/stm32f1xx_hal_rcc.o
                0x08002f28                HAL_RCC_GetPCLK2Freq
 .text.RCC_Delay
                0x08002f50       0x3c ./Drivers/STM32F1xx_HAL_Driver/stm32f1xx_hal_rcc.o
 .text.HAL_RCCEx_PeriphCLKConfig
                0x08002f8c      0x16c ./Drivers/STM32F1xx_HAL_Driver/stm32f1xx_hal_rcc_ex.o
                0x08002f8c                HAL_RCCEx_PeriphCLKConfig
 .text.HAL_TIM_Base_Init
                0x080030f8       0x9e ./Drivers/STM32F1xx_HAL_Driver/stm32f1xx_hal_tim.o
                0x080030f8                HAL_TIM_Base_Init
 *fill*         0x08003196        0x2 
 .text.HAL_TIM_Base_Start_IT
                0x08003198       0xa4 ./Drivers/STM32F1xx_HAL_Driver/stm32f1xx_hal_tim.o
                0x08003198                HAL_TIM_Base_Start_IT
 .text.HAL_TIM_IRQHandler
                0x0800323c      0x1e0 ./Drivers/STM32F1xx_HAL_Driver/stm32f1xx_hal_tim.o
                0x0800323c                HAL_TIM_IRQHandler
 .text.HAL_TIM_ConfigClockSource
                0x0800341c      0x18e ./Drivers/STM32F1xx_HAL_Driver/stm32f1xx_hal_tim.o
                0x0800341c                HAL_TIM_ConfigClockSource
 .text.HAL_TIM_OC_DelayElapsedCallback
                0x080035aa       0x12 ./Drivers/STM32F1xx_HAL_Driver/stm32f1xx_hal_tim.o
                0x080035aa                HAL_TIM_OC_DelayElapsedCallback
 .text.HAL_TIM_IC_CaptureCallback
                0x080035bc       0x12 ./Drivers/STM32F1xx_HAL_Driver/stm32f1xx_hal_tim.o
                0x080035bc                HAL_TIM_IC_CaptureCallback
 .text.HAL_TIM_PWM_PulseFinishedCallback
                0x080035ce       0x12 ./Drivers/STM32F1xx_HAL_Driver/stm32f1xx_hal_tim.o
                0x080035ce                HAL_TIM_PWM_PulseFinishedCallback
 .text.HAL_TIM_TriggerCallback
                0x080035e0       0x12 ./Drivers/STM32F1xx_HAL_Driver/stm32f1xx_hal_tim.o
                0x080035e0                HAL_TIM_TriggerCallback
 *fill*         0x080035f2        0x2 
 .text.TIM_Base_SetConfig
                0x080035f4       0xdc ./Drivers/STM32F1xx_HAL_Driver/stm32f1xx_hal_tim.o
                0x080035f4                TIM_Base_SetConfig
 .text.TIM_TI1_ConfigInputStage
                0x080036d0       0x5c ./Drivers/STM32F1xx_HAL_Driver/stm32f1xx_hal_tim.o
 .text.TIM_TI2_ConfigInputStage
                0x0800372c       0x5e ./Drivers/STM32F1xx_HAL_Driver/stm32f1xx_hal_tim.o
 .text.TIM_ITRx_SetConfig
                0x0800378a       0x34 ./Drivers/STM32F1xx_HAL_Driver/stm32f1xx_hal_tim.o
 .text.TIM_ETR_SetConfig
                0x080037be       0x3e ./Drivers/STM32F1xx_HAL_Driver/stm32f1xx_hal_tim.o
                0x080037be                TIM_ETR_SetConfig
 .text.HAL_TIMEx_MasterConfigSynchronization
                0x080037fc       0xbc ./Drivers/STM32F1xx_HAL_Driver/stm32f1xx_hal_tim_ex.o
                0x080037fc                HAL_TIMEx_MasterConfigSynchronization
 .text.HAL_TIMEx_CommutCallback
                0x080038b8       0x12 ./Drivers/STM32F1xx_HAL_Driver/stm32f1xx_hal_tim_ex.o
                0x080038b8                HAL_TIMEx_CommutCallback
 .text.HAL_TIMEx_BreakCallback
                0x080038ca       0x12 ./Drivers/STM32F1xx_HAL_Driver/stm32f1xx_hal_tim_ex.o
                0x080038ca                HAL_TIMEx_BreakCallback
 .text.HAL_UART_Init
                0x080038dc       0xa0 ./Drivers/STM32F1xx_HAL_Driver/stm32f1xx_hal_uart.o
                0x080038dc                HAL_UART_Init
 .text.HAL_UART_Transmit
                0x0800397c      0x116 ./Drivers/STM32F1xx_HAL_Driver/stm32f1xx_hal_uart.o
                0x0800397c                HAL_UART_Transmit
 *fill*         0x08003a92        0x2 
 .text.HAL_UART_IRQHandler
                0x08003a94      0x524 ./Drivers/STM32F1xx_HAL_Driver/stm32f1xx_hal_uart.o
                0x08003a94                HAL_UART_IRQHandler
 .text.HAL_UART_TxCpltCallback
                0x08003fb8       0x12 ./Drivers/STM32F1xx_HAL_Driver/stm32f1xx_hal_uart.o
                0x08003fb8                HAL_UART_TxCpltCallback
 .text.HAL_UART_RxCpltCallback
                0x08003fca       0x12 ./Drivers/STM32F1xx_HAL_Driver/stm32f1xx_hal_uart.o
                0x08003fca                HAL_UART_RxCpltCallback
 .text.HAL_UART_ErrorCallback
                0x08003fdc       0x12 ./Drivers/STM32F1xx_HAL_Driver/stm32f1xx_hal_uart.o
                0x08003fdc                HAL_UART_ErrorCallback
 .text.HAL_UARTEx_RxEventCallback
                0x08003fee       0x16 ./Drivers/STM32F1xx_HAL_Driver/stm32f1xx_hal_uart.o
                0x08003fee                HAL_UARTEx_RxEventCallback
 .text.UART_WaitOnFlagUntilTimeout
                0x08004004       0xb2 ./Drivers/STM32F1xx_HAL_Driver/stm32f1xx_hal_uart.o
 .text.UART_EndRxTransfer
                0x080040b6       0xc4 ./Drivers/STM32F1xx_HAL_Driver/stm32f1xx_hal_uart.o
 .text.UART_DMAAbortOnError
                0x0800417a       0x28 ./Drivers/STM32F1xx_HAL_Driver/stm32f1xx_hal_uart.o
 .text.UART_Transmit_IT
                0x080041a2       0x9e ./Drivers/STM32F1xx_HAL_Driver/stm32f1xx_hal_uart.o
 .text.UART_EndTransmit_IT
                0x08004240       0x30 ./Drivers/STM32F1xx_HAL_Driver/stm32f1xx_hal_uart.o
 .text.UART_Receive_IT
                0x08004270      0x17c ./Drivers/STM32F1xx_HAL_Driver/stm32f1xx_hal_uart.o
 .text.UART_SetConfig
                0x080043ec      0x11c ./Drivers/STM32F1xx_HAL_Driver/stm32f1xx_hal_uart.o
 .text.Set_Default_Status
                0x08004508       0x34 ./Scan_matrix_button/scan_matrix.o
                0x08004508                Set_Default_Status
 .text.Scan_Button_Is_Pressed
                0x0800453c       0x74 ./Scan_matrix_button/scan_matrix.o
                0x0800453c                Scan_Button_Is_Pressed
 .text.Scan_Row_1
                0x080045b0       0xc8 ./Scan_matrix_button/scan_matrix.o
                0x080045b0                Scan_Row_1
 .text.Scan_Row_2
                0x08004678       0xc8 ./Scan_matrix_button/scan_matrix.o
                0x08004678                Scan_Row_2
 .text.Scan_Row_3
                0x08004740       0xc8 ./Scan_matrix_button/scan_matrix.o
                0x08004740                Scan_Row_3
 .text.Scan_Row_4
                0x08004808       0xc8 ./Scan_matrix_button/scan_matrix.o
                0x08004808                Scan_Row_4
 .text.memset   0x080048d0       0x10 /home/admin1/st/stm32cubeide_1.19.0/plugins/com.st.stm32cube.ide.mcu.externaltools.gnu-tools-for-stm32.13.3.rel1.linux64_1.0.0.202410170706/tools/bin/../lib/gcc/arm-none-eabi/13.3.1/../../../../arm-none-eabi/lib/thumb/v7-m/nofp/libc_nano.a(libc_a-memset.o)
                0x080048d0                memset
 .text.__libc_init_array
                0x080048e0       0x48 /home/admin1/st/stm32cubeide_1.19.0/plugins/com.st.stm32cube.ide.mcu.externaltools.gnu-tools-for-stm32.13.3.rel1.linux64_1.0.0.202410170706/tools/bin/../lib/gcc/arm-none-eabi/13.3.1/../../../../arm-none-eabi/lib/thumb/v7-m/nofp/libc_nano.a(libc_a-init.o)
                0x080048e0                __libc_init_array
 *(.glue_7)
 .glue_7        0x08004928        0x0 linker stubs
 *(.glue_7t)
 .glue_7t       0x08004928        0x0 linker stubs
 *(.eh_frame)
 .eh_frame      0x08004928        0x0 /home/admin1/st/stm32cubeide_1.19.0/plugins/com.st.stm32cube.ide.mcu.externaltools.gnu-tools-for-stm32.13.3.rel1.linux64_1.0.0.202410170706/tools/bin/../lib/gcc/arm-none-eabi/13.3.1/thumb/v7-m/nofp/crtbegin.o
 *(.init)
 .init          0x08004928        0x4 /home/admin1/st/stm32cubeide_1.19.0/plugins/com.st.stm32cube.ide.mcu.externaltools.gnu-tools-for-stm32.13.3.rel1.linux64_1.0.0.202410170706/tools/bin/../lib/gcc/arm-none-eabi/13.3.1/thumb/v7-m/nofp/crti.o
                0x08004928                _init
 .init          0x0800492c        0x8 /home/admin1/st/stm32cubeide_1.19.0/plugins/com.st.stm32cube.ide.mcu.externaltools.gnu-tools-for-stm32.13.3.rel1.linux64_1.0.0.202410170706/tools/bin/../lib/gcc/arm-none-eabi/13.3.1/thumb/v7-m/nofp/crtn.o
 *(.fini)
 .fini          0x08004934        0x4 /home/admin1/st/stm32cubeide_1.19.0/plugins/com.st.stm32cube.ide.mcu.externaltools.gnu-tools-for-stm32.13.3.rel1.linux64_1.0.0.202410170706/tools/bin/../lib/gcc/arm-none-eabi/13.3.1/thumb/v7-m/nofp/crti.o
                0x08004934                _fini
 .fini          0x08004938        0x8 /home/admin1/st/stm32cubeide_1.19.0/plugins/com.st.stm32cube.ide.mcu.externaltools.gnu-tools-for-stm32.13.3.rel1.linux64_1.0.0.202410170706/tools/bin/../lib/gcc/arm-none-eabi/13.3.1/thumb/v7-m/nofp/crtn.o
                0x08004940                        . = ALIGN (0x4)
                0x08004940                        _etext = .

.vfp11_veneer   0x08004940        0x0
 .vfp11_veneer  0x08004940        0x0 linker stubs

.v4_bx          0x08004940        0x0
 .v4_bx         0x08004940        0x0 linker stubs

.iplt           0x08004940        0x0
 .iplt          0x08004940        0x0 /home/admin1/st/stm32cubeide_1.19.0/plugins/com.st.stm32cube.ide.mcu.externaltools.gnu-tools-for-stm32.13.3.rel1.linux64_1.0.0.202410170706/tools/bin/../lib/gcc/arm-none-eabi/13.3.1/thumb/v7-m/nofp/crtbegin.o

.rodata         0x08004940       0x2c
                0x08004940                        . = ALIGN (0x4)
 *(.rodata)
 *(.rodata*)
 .rodata.AHBPrescTable
                0x08004940       0x10 ./Core/Src/system_stm32f1xx.o
                0x08004940                AHBPrescTable
 .rodata.APBPrescTable
                0x08004950        0x8 ./Core/Src/system_stm32f1xx.o
                0x08004950                APBPrescTable
 .rodata.aPLLMULFactorTable.1
                0x08004958       0x10 ./Drivers/STM32F1xx_HAL_Driver/stm32f1xx_hal_rcc.o
 .rodata.aPredivFactorTable.0
                0x08004968        0x2 ./Drivers/STM32F1xx_HAL_Driver/stm32f1xx_hal_rcc.o
                0x0800496c                        . = ALIGN (0x4)
 *fill*         0x0800496a        0x2 

.ARM.extab      0x0800496c        0x0
                0x0800496c                        . = ALIGN (0x4)
 *(.ARM.extab* .gnu.linkonce.armextab.*)
                0x0800496c                        . = ALIGN (0x4)

.ARM            0x0800496c        0x0
                0x0800496c                        . = ALIGN (0x4)
                0x0800496c                        __exidx_start = .
 *(.ARM.exidx*)
                0x0800496c                        __exidx_end = .
                0x0800496c                        . = ALIGN (0x4)

.preinit_array  0x0800496c        0x0
                0x0800496c                        . = ALIGN (0x4)
                0x0800496c                        PROVIDE (__preinit_array_start = .)
 *(.preinit_array*)
                0x0800496c                        PROVIDE (__preinit_array_end = .)
                0x0800496c                        . = ALIGN (0x4)

.init_array     0x0800496c        0x4
                0x0800496c                        . = ALIGN (0x4)
                0x0800496c                        PROVIDE (__init_array_start = .)
 *(SORT_BY_NAME(.init_array.*))
 *(.init_array*)
 .init_array    0x0800496c        0x4 /home/admin1/st/stm32cubeide_1.19.0/plugins/com.st.stm32cube.ide.mcu.externaltools.gnu-tools-for-stm32.13.3.rel1.linux64_1.0.0.202410170706/tools/bin/../lib/gcc/arm-none-eabi/13.3.1/thumb/v7-m/nofp/crtbegin.o
                0x08004970                        PROVIDE (__init_array_end = .)
                0x08004970                        . = ALIGN (0x4)

.fini_array     0x08004970        0x4
                0x08004970                        . = ALIGN (0x4)
                [!provide]                        PROVIDE (__fini_array_start = .)
 *(SORT_BY_NAME(.fini_array.*))
 *(.fini_array*)
 .fini_array    0x08004970        0x4 /home/admin1/st/stm32cubeide_1.19.0/plugins/com.st.stm32cube.ide.mcu.externaltools.gnu-tools-for-stm32.13.3.rel1.linux64_1.0.0.202410170706/tools/bin/../lib/gcc/arm-none-eabi/13.3.1/thumb/v7-m/nofp/crtbegin.o
                [!provide]                        PROVIDE (__fini_array_end = .)
                0x08004974                        . = ALIGN (0x4)
                0x08004974                        _sidata = LOADADDR (.data)

.rel.dyn        0x08004974        0x0
 .rel.iplt      0x08004974        0x0 /home/admin1/st/stm32cubeide_1.19.0/plugins/com.st.stm32cube.ide.mcu.externaltools.gnu-tools-for-stm32.13.3.rel1.linux64_1.0.0.202410170706/tools/bin/../lib/gcc/arm-none-eabi/13.3.1/thumb/v7-m/nofp/crtbegin.o

.data           0x20000000       0x14 load address 0x08004974
                0x20000000                        . = ALIGN (0x4)
                0x20000000                        _sdata = .
 *(.data)
 *(.data*)
 .data.temperature
                0x20000000        0x1 ./Core/Src/app_run.o
                0x20000000                temperature
 *fill*         0x20000001        0x1 
 .data.RPM      0x20000002        0x2 ./Core/Src/app_run.o
                0x20000002                RPM
 .data.is_left_xinhan
                0x20000004        0x1 ./Core/Src/app_run.o
                0x20000004                is_left_xinhan
 .data.is_right_xinhan
                0x20000005        0x1 ./Core/Src/app_run.o
                0x20000005                is_right_xinhan
 *fill*         0x20000006        0x2 
 .data.SystemCoreClock
                0x20000008        0x4 ./Core/Src/system_stm32f1xx.o
                0x20000008                SystemCoreClock
 .data.uwTickPrio
                0x2000000c        0x4 ./Drivers/STM32F1xx_HAL_Driver/stm32f1xx_hal.o
                0x2000000c                uwTickPrio
 .data.uwTickFreq
                0x20000010        0x1 ./Drivers/STM32F1xx_HAL_Driver/stm32f1xx_hal.o
                0x20000010                uwTickFreq
 *(.RamFunc)
 *(.RamFunc*)
                0x20000014                        . = ALIGN (0x4)
 *fill*         0x20000011        0x3 
                0x20000014                        _edata = .

.igot.plt       0x20000014        0x0 load address 0x08004988
 .igot.plt      0x20000014        0x0 /home/admin1/st/stm32cubeide_1.19.0/plugins/com.st.stm32cube.ide.mcu.externaltools.gnu-tools-for-stm32.13.3.rel1.linux64_1.0.0.202410170706/tools/bin/../lib/gcc/arm-none-eabi/13.3.1/thumb/v7-m/nofp/crtbegin.o
                0x20000014                        . = ALIGN (0x4)

.bss            0x20000014      0x160 load address 0x08004988
                0x20000014                        _sbss = .
                0x20000014                        __bss_start__ = _sbss
 *(.bss)
 .bss           0x20000014       0x1c /home/admin1/st/stm32cubeide_1.19.0/plugins/com.st.stm32cube.ide.mcu.externaltools.gnu-tools-for-stm32.13.3.rel1.linux64_1.0.0.202410170706/tools/bin/../lib/gcc/arm-none-eabi/13.3.1/thumb/v7-m/nofp/crtbegin.o
 *(.bss*)
 .bss.speed     0x20000030        0x2 ./Core/Src/app_run.o
                0x20000030                speed
 *fill*         0x20000032        0x2 
 .bss.list_button_is_pressed_user
                0x20000034       0x10 ./Core/Src/app_run.o
                0x20000034                list_button_is_pressed_user
 .bss.seat_belt_is_ok
                0x20000044        0x1 ./Core/Src/app_run.o
                0x20000044                seat_belt_is_ok
 *fill*         0x20000045        0x3 
 .bss.adc_0_channel
                0x20000048       0x10 ./Core/Src/app_run.o
                0x20000048                adc_0_channel
 .bss.count_time.0
                0x20000058        0x4 ./Core/Src/app_run.o
 .bss.hadc1     0x2000005c       0x30 ./Core/Src/main.o
                0x2000005c                hadc1
 .bss.hdma_adc1
                0x2000008c       0x44 ./Core/Src/main.o
                0x2000008c                hdma_adc1
 .bss.htim4     0x200000d0       0x48 ./Core/Src/main.o
                0x200000d0                htim4
 .bss.huart1    0x20000118       0x48 ./Core/Src/main.o
                0x20000118                huart1
 .bss.uwTick    0x20000160        0x4 ./Drivers/STM32F1xx_HAL_Driver/stm32f1xx_hal.o
                0x20000160                uwTick
 .bss.list_button_is_press
                0x20000164       0x10 ./Scan_matrix_button/scan_matrix.o
                0x20000164                list_button_is_press
 *(COMMON)
                0x20000174                        . = ALIGN (0x4)
                0x20000174                        _ebss = .
                0x20000174                        __bss_end__ = _ebss

._user_heap_stack
                0x20000174      0x604 load address 0x08004988
                0x20000178                        . = ALIGN (0x8)
 *fill*         0x20000174        0x4 
                [!provide]                        PROVIDE (end = .)
                0x20000178                        PROVIDE (_end = .)
                0x20000378                        . = (. + _Min_Heap_Size)
 *fill*         0x20000178      0x200 
                0x20000778                        . = (. + _Min_Stack_Size)
 *fill*         0x20000378      0x400 
                0x20000778                        . = ALIGN (0x8)

/DISCARD/
 libc.a(*)
 libm.a(*)
 libgcc.a(*)

.ARM.attributes
                0x00000000       0x29
 *(.ARM.attributes)
 .ARM.attributes
                0x00000000       0x1d /home/admin1/st/stm32cubeide_1.19.0/plugins/com.st.stm32cube.ide.mcu.externaltools.gnu-tools-for-stm32.13.3.rel1.linux64_1.0.0.202410170706/tools/bin/../lib/gcc/arm-none-eabi/13.3.1/thumb/v7-m/nofp/crti.o
 .ARM.attributes
                0x0000001d       0x2d /home/admin1/st/stm32cubeide_1.19.0/plugins/com.st.stm32cube.ide.mcu.externaltools.gnu-tools-for-stm32.13.3.rel1.linux64_1.0.0.202410170706/tools/bin/../lib/gcc/arm-none-eabi/13.3.1/thumb/v7-m/nofp/crtbegin.o
 .ARM.attributes
                0x0000004a       0x2d ./Core/Src/app_run.o
 .ARM.attributes
                0x00000077       0x2d ./Core/Src/main.o
 .ARM.attributes
                0x000000a4       0x2d ./Core/Src/stm32f1xx_hal_msp.o
 .ARM.attributes
                0x000000d1       0x2d ./Core/Src/stm32f1xx_it.o
 .ARM.attributes
                0x000000fe       0x2d ./Core/Src/system_stm32f1xx.o
 .ARM.attributes
                0x0000012b       0x21 ./Core/Startup/startup_stm32f103c8tx.o
 .ARM.attributes
                0x0000014c       0x2d ./Drivers/STM32F1xx_HAL_Driver/stm32f1xx_hal.o
 .ARM.attributes
                0x00000179       0x2d ./Drivers/STM32F1xx_HAL_Driver/stm32f1xx_hal_adc.o
 .ARM.attributes
                0x000001a6       0x2d ./Drivers/STM32F1xx_HAL_Driver/stm32f1xx_hal_adc_ex.o
 .ARM.attributes
                0x000001d3       0x2d ./Drivers/STM32F1xx_HAL_Driver/stm32f1xx_hal_cortex.o
 .ARM.attributes
                0x00000200       0x2d ./Drivers/STM32F1xx_HAL_Driver/stm32f1xx_hal_dma.o
 .ARM.attributes
                0x0000022d       0x2d ./Drivers/STM32F1xx_HAL_Driver/stm32f1xx_hal_gpio.o
 .ARM.attributes
                0x0000025a       0x2d ./Drivers/STM32F1xx_HAL_Driver/stm32f1xx_hal_rcc.o
 .ARM.attributes
                0x00000287       0x2d ./Drivers/STM32F1xx_HAL_Driver/stm32f1xx_hal_rcc_ex.o
 .ARM.attributes
                0x000002b4       0x2d ./Drivers/STM32F1xx_HAL_Driver/stm32f1xx_hal_tim.o
 .ARM.attributes
                0x000002e1       0x2d ./Drivers/STM32F1xx_HAL_Driver/stm32f1xx_hal_tim_ex.o
 .ARM.attributes
                0x0000030e       0x2d ./Drivers/STM32F1xx_HAL_Driver/stm32f1xx_hal_uart.o
 .ARM.attributes
                0x0000033b       0x2d ./Scan_matrix_button/scan_matrix.o
 .ARM.attributes
                0x00000368       0x2d /home/admin1/st/stm32cubeide_1.19.0/plugins/com.st.stm32cube.ide.mcu.externaltools.gnu-tools-for-stm32.13.3.rel1.linux64_1.0.0.202410170706/tools/bin/../lib/gcc/arm-none-eabi/13.3.1/../../../../arm-none-eabi/lib/thumb/v7-m/nofp/libc_nano.a(libc_a-memset.o)
 .ARM.attributes
                0x00000395       0x2d /home/admin1/st/stm32cubeide_1.19.0/plugins/com.st.stm32cube.ide.mcu.externaltools.gnu-tools-for-stm32.13.3.rel1.linux64_1.0.0.202410170706/tools/bin/../lib/gcc/arm-none-eabi/13.3.1/../../../../arm-none-eabi/lib/thumb/v7-m/nofp/libc_nano.a(libc_a-init.o)
 .ARM.attributes
                0x000003c2       0x1d /home/admin1/st/stm32cubeide_1.19.0/plugins/com.st.stm32cube.ide.mcu.externaltools.gnu-tools-for-stm32.13.3.rel1.linux64_1.0.0.202410170706/tools/bin/../lib/gcc/arm-none-eabi/13.3.1/thumb/v7-m/nofp/libgcc.a(_arm_addsubsf3.o)
 .ARM.attributes
                0x000003df       0x1d /home/admin1/st/stm32cubeide_1.19.0/plugins/com.st.stm32cube.ide.mcu.externaltools.gnu-tools-for-stm32.13.3.rel1.linux64_1.0.0.202410170706/tools/bin/../lib/gcc/arm-none-eabi/13.3.1/thumb/v7-m/nofp/libgcc.a(_arm_muldivsf3.o)
 .ARM.attributes
                0x000003fc       0x1d /home/admin1/st/stm32cubeide_1.19.0/plugins/com.st.stm32cube.ide.mcu.externaltools.gnu-tools-for-stm32.13.3.rel1.linux64_1.0.0.202410170706/tools/bin/../lib/gcc/arm-none-eabi/13.3.1/thumb/v7-m/nofp/libgcc.a(_arm_fixunssfsi.o)
 .ARM.attributes
                0x00000419       0x1d /home/admin1/st/stm32cubeide_1.19.0/plugins/com.st.stm32cube.ide.mcu.externaltools.gnu-tools-for-stm32.13.3.rel1.linux64_1.0.0.202410170706/tools/bin/../lib/gcc/arm-none-eabi/13.3.1/thumb/v7-m/nofp/crtn.o
OUTPUT(IVI_ECU_AUTOMOTIVE_SIMULATOR.elf elf32-littlearm)
LOAD linker stubs
LOAD /home/admin1/st/stm32cubeide_1.19.0/plugins/com.st.stm32cube.ide.mcu.externaltools.gnu-tools-for-stm32.13.3.rel1.linux64_1.0.0.202410170706/tools/bin/../lib/gcc/arm-none-eabi/13.3.1/../../../../arm-none-eabi/lib/thumb/v7-m/nofp/libc.a
LOAD /home/admin1/st/stm32cubeide_1.19.0/plugins/com.st.stm32cube.ide.mcu.externaltools.gnu-tools-for-stm32.13.3.rel1.linux64_1.0.0.202410170706/tools/bin/../lib/gcc/arm-none-eabi/13.3.1/../../../../arm-none-eabi/lib/thumb/v7-m/nofp/libm.a
LOAD /home/admin1/st/stm32cubeide_1.19.0/plugins/com.st.stm32cube.ide.mcu.externaltools.gnu-tools-for-stm32.13.3.rel1.linux64_1.0.0.202410170706/tools/bin/../lib/gcc/arm-none-eabi/13.3.1/thumb/v7-m/nofp/libgcc.a

.debug_info     0x00000000     0xef24
 .debug_info    0x00000000      0xe84 ./Core/Src/app_run.o
 .debug_info    0x00000e84     0x131f ./Core/Src/main.o
 .debug_info    0x000021a3     0x1046 ./Core/Src/stm32f1xx_hal_msp.o
 .debug_info    0x000031e9      0xbba ./Core/Src/stm32f1xx_it.o
 .debug_info    0x00003da3      0x222 ./Core/Src/system_stm32f1xx.o
 .debug_info    0x00003fc5       0x30 ./Core/Startup/startup_stm32f103c8tx.o
 .debug_info    0x00003ff5      0x704 ./Drivers/STM32F1xx_HAL_Driver/stm32f1xx_hal.o
 .debug_info    0x000046f9      0xc50 ./Drivers/STM32F1xx_HAL_Driver/stm32f1xx_hal_adc.o
 .debug_info    0x00005349      0xa10 ./Drivers/STM32F1xx_HAL_Driver/stm32f1xx_hal_adc_ex.o
 .debug_info    0x00005d59      0xa87 ./Drivers/STM32F1xx_HAL_Driver/stm32f1xx_hal_cortex.o
 .debug_info    0x000067e0      0x6d2 ./Drivers/STM32F1xx_HAL_Driver/stm32f1xx_hal_dma.o
 .debug_info    0x00006eb2      0x5ab ./Drivers/STM32F1xx_HAL_Driver/stm32f1xx_hal_gpio.o
 .debug_info    0x0000745d      0x7d5 ./Drivers/STM32F1xx_HAL_Driver/stm32f1xx_hal_rcc.o
 .debug_info    0x00007c32      0x3c0 ./Drivers/STM32F1xx_HAL_Driver/stm32f1xx_hal_rcc_ex.o
 .debug_info    0x00007ff2     0x2959 ./Drivers/STM32F1xx_HAL_Driver/stm32f1xx_hal_tim.o
 .debug_info    0x0000a94b     0x149b ./Drivers/STM32F1xx_HAL_Driver/stm32f1xx_hal_tim_ex.o
 .debug_info    0x0000bde6     0x2eed ./Drivers/STM32F1xx_HAL_Driver/stm32f1xx_hal_uart.o
 .debug_info    0x0000ecd3      0x251 ./Scan_matrix_button/scan_matrix.o

.debug_abbrev   0x00000000     0x259c
 .debug_abbrev  0x00000000      0x2a8 ./Core/Src/app_run.o
 .debug_abbrev  0x000002a8      0x2d1 ./Core/Src/main.o
 .debug_abbrev  0x00000579      0x248 ./Core/Src/stm32f1xx_hal_msp.o
 .debug_abbrev  0x000007c1      0x1ad ./Core/Src/stm32f1xx_it.o
 .debug_abbrev  0x0000096e      0x13f ./Core/Src/system_stm32f1xx.o
 .debug_abbrev  0x00000aad       0x24 ./Core/Startup/startup_stm32f103c8tx.o
 .debug_abbrev  0x00000ad1      0x201 ./Drivers/STM32F1xx_HAL_Driver/stm32f1xx_hal.o
 .debug_abbrev  0x00000cd2      0x225 ./Drivers/STM32F1xx_HAL_Driver/stm32f1xx_hal_adc.o
 .debug_abbrev  0x00000ef7      0x249 ./Drivers/STM32F1xx_HAL_Driver/stm32f1xx_hal_adc_ex.o
 .debug_abbrev  0x00001140      0x2f8 ./Drivers/STM32F1xx_HAL_Driver/stm32f1xx_hal_cortex.o
 .debug_abbrev  0x00001438      0x20b ./Drivers/STM32F1xx_HAL_Driver/stm32f1xx_hal_dma.o
 .debug_abbrev  0x00001643      0x1ca ./Drivers/STM32F1xx_HAL_Driver/stm32f1xx_hal_gpio.o
 .debug_abbrev  0x0000180d      0x2b3 ./Drivers/STM32F1xx_HAL_Driver/stm32f1xx_hal_rcc.o
 .debug_abbrev  0x00001ac0      0x188 ./Drivers/STM32F1xx_HAL_Driver/stm32f1xx_hal_rcc_ex.o
 .debug_abbrev  0x00001c48      0x277 ./Drivers/STM32F1xx_HAL_Driver/stm32f1xx_hal_tim.o
 .debug_abbrev  0x00001ebf      0x282 ./Drivers/STM32F1xx_HAL_Driver/stm32f1xx_hal_tim_ex.o
 .debug_abbrev  0x00002141      0x2f8 ./Drivers/STM32F1xx_HAL_Driver/stm32f1xx_hal_uart.o
 .debug_abbrev  0x00002439      0x163 ./Scan_matrix_button/scan_matrix.o

.debug_aranges  0x00000000      0xe30
 .debug_aranges
                0x00000000       0x48 ./Core/Src/app_run.o
 .debug_aranges
                0x00000048       0x58 ./Core/Src/main.o
 .debug_aranges
                0x000000a0       0x50 ./Core/Src/stm32f1xx_hal_msp.o
 .debug_aranges
                0x000000f0       0x80 ./Core/Src/stm32f1xx_it.o
 .debug_aranges
                0x00000170       0x28 ./Core/Src/system_stm32f1xx.o
 .debug_aranges
                0x00000198       0x28 ./Core/Startup/startup_stm32f103c8tx.o
 .debug_aranges
                0x000001c0       0xe0 ./Drivers/STM32F1xx_HAL_Driver/stm32f1xx_hal.o
 .debug_aranges
                0x000002a0       0xf0 ./Drivers/STM32F1xx_HAL_Driver/stm32f1xx_hal_adc.o
 .debug_aranges
                0x00000390       0x80 ./Drivers/STM32F1xx_HAL_Driver/stm32f1xx_hal_adc_ex.o
 .debug_aranges
                0x00000410      0x100 ./Drivers/STM32F1xx_HAL_Driver/stm32f1xx_hal_cortex.o
 .debug_aranges
                0x00000510       0x80 ./Drivers/STM32F1xx_HAL_Driver/stm32f1xx_hal_dma.o
 .debug_aranges
                0x00000590       0x58 ./Drivers/STM32F1xx_HAL_Driver/stm32f1xx_hal_gpio.o
 .debug_aranges
                0x000005e8       0x90 ./Drivers/STM32F1xx_HAL_Driver/stm32f1xx_hal_rcc.o
 .debug_aranges
                0x00000678       0x30 ./Drivers/STM32F1xx_HAL_Driver/stm32f1xx_hal_rcc_ex.o
 .debug_aranges
                0x000006a8      0x3d0 ./Drivers/STM32F1xx_HAL_Driver/stm32f1xx_hal_tim.o
 .debug_aranges
                0x00000a78      0x168 ./Drivers/STM32F1xx_HAL_Driver/stm32f1xx_hal_tim_ex.o
 .debug_aranges
                0x00000be0      0x208 ./Drivers/STM32F1xx_HAL_Driver/stm32f1xx_hal_uart.o
 .debug_aranges
                0x00000de8       0x48 ./Scan_matrix_button/scan_matrix.o

.debug_rnglists
                0x00000000      0xb1a
 .debug_rnglists
                0x00000000       0x34 ./Core/Src/app_run.o
 .debug_rnglists
                0x00000034       0x40 ./Core/Src/main.o
 .debug_rnglists
                0x00000074       0x39 ./Core/Src/stm32f1xx_hal_msp.o
 .debug_rnglists
                0x000000ad       0x5b ./Core/Src/stm32f1xx_it.o
 .debug_rnglists
                0x00000108       0x1a ./Core/Src/system_stm32f1xx.o
 .debug_rnglists
                0x00000122       0x19 ./Core/Startup/startup_stm32f103c8tx.o
 .debug_rnglists
                0x0000013b       0xa3 ./Drivers/STM32F1xx_HAL_Driver/stm32f1xx_hal.o
 .debug_rnglists
                0x000001de       0xbc ./Drivers/STM32F1xx_HAL_Driver/stm32f1xx_hal_adc.o
 .debug_rnglists
                0x0000029a       0x65 ./Drivers/STM32F1xx_HAL_Driver/stm32f1xx_hal_adc_ex.o
 .debug_rnglists
                0x000002ff       0xbb ./Drivers/STM32F1xx_HAL_Driver/stm32f1xx_hal_cortex.o
 .debug_rnglists
                0x000003ba       0x64 ./Drivers/STM32F1xx_HAL_Driver/stm32f1xx_hal_dma.o
 .debug_rnglists
                0x0000041e       0x3f ./Drivers/STM32F1xx_HAL_Driver/stm32f1xx_hal_gpio.o
 .debug_rnglists
                0x0000045d       0x6c ./Drivers/STM32F1xx_HAL_Driver/stm32f1xx_hal_rcc.o
 .debug_rnglists
                0x000004c9       0x21 ./Drivers/STM32F1xx_HAL_Driver/stm32f1xx_hal_rcc_ex.o
 .debug_rnglists
                0x000004ea      0x31a ./Drivers/STM32F1xx_HAL_Driver/stm32f1xx_hal_tim.o
 .debug_rnglists
                0x00000804      0x125 ./Drivers/STM32F1xx_HAL_Driver/stm32f1xx_hal_tim_ex.o
 .debug_rnglists
                0x00000929      0x1bc ./Drivers/STM32F1xx_HAL_Driver/stm32f1xx_hal_uart.o
 .debug_rnglists
                0x00000ae5       0x35 ./Scan_matrix_button/scan_matrix.o

.debug_macro    0x00000000    0x17eed
 .debug_macro   0x00000000      0x1e6 ./Core/Src/app_run.o
 .debug_macro   0x000001e6      0xacc ./Core/Src/app_run.o
 .debug_macro   0x00000cb2      0x227 ./Core/Src/app_run.o
 .debug_macro   0x00000ed9       0x2e ./Core/Src/app_run.o
 .debug_macro   0x00000f07       0x22 ./Core/Src/app_run.o
 .debug_macro   0x00000f29       0x22 ./Core/Src/app_run.o
 .debug_macro   0x00000f4b       0x8e ./Core/Src/app_run.o
 .debug_macro   0x00000fd9       0x51 ./Core/Src/app_run.o
 .debug_macro   0x0000102a      0x103 ./Core/Src/app_run.o
 .debug_macro   0x0000112d       0x6a ./Core/Src/app_run.o
 .debug_macro   0x00001197      0x1df ./Core/Src/app_run.o
 .debug_macro   0x00001376       0x1c ./Core/Src/app_run.o
 .debug_macro   0x00001392       0x22 ./Core/Src/app_run.o
 .debug_macro   0x000013b4       0xbd ./Core/Src/app_run.o
 .debug_macro   0x00001471      0xd23 ./Core/Src/app_run.o
 .debug_macro   0x00002194     0xe09e ./Core/Src/app_run.o
 .debug_macro   0x00010232       0x6d ./Core/Src/app_run.o
 .debug_macro   0x0001029f     0x34a2 ./Core/Src/app_run.o
 .debug_macro   0x00013741      0x190 ./Core/Src/app_run.o
 .debug_macro   0x000138d1       0x5c ./Core/Src/app_run.o
 .debug_macro   0x0001392d      0x5bc ./Core/Src/app_run.o
 .debug_macro   0x00013ee9      0x289 ./Core/Src/app_run.o
 .debug_macro   0x00014172      0x1cb ./Core/Src/app_run.o
 .debug_macro   0x0001433d      0x114 ./Core/Src/app_run.o
 .debug_macro   0x00014451      0x1b2 ./Core/Src/app_run.o
 .debug_macro   0x00014603       0x27 ./Core/Src/app_run.o
 .debug_macro   0x0001462a      0x136 ./Core/Src/app_run.o
 .debug_macro   0x00014760      0x1bc ./Core/Src/app_run.o
 .debug_macro   0x0001491c       0x34 ./Core/Src/app_run.o
 .debug_macro   0x00014950       0x3c ./Core/Src/app_run.o
 .debug_macro   0x0001498c       0x57 ./Core/Src/app_run.o
 .debug_macro   0x000149e3      0x46a ./Core/Src/app_run.o
 .debug_macro   0x00014e4d      0x1b5 ./Core/Src/app_run.o
 .debug_macro   0x00015002       0x87 ./Core/Src/app_run.o
 .debug_macro   0x00015089      0x240 ./Core/Src/app_run.o
 .debug_macro   0x000152c9      0x140 ./Core/Src/app_run.o
 .debug_macro   0x00015409      0x8ed ./Core/Src/app_run.o
 .debug_macro   0x00015cf6      0x28e ./Core/Src/app_run.o
 .debug_macro   0x00015f84       0x83 ./Core/Src/app_run.o
 .debug_macro   0x00016007       0x1c ./Core/Src/app_run.o
 .debug_macro   0x00016023       0x70 ./Core/Src/app_run.o
 .debug_macro   0x00016093       0x22 ./Core/Src/app_run.o
 .debug_macro   0x000160b5      0x1c6 ./Core/Src/main.o
 .debug_macro   0x0001627b      0x1c6 ./Core/Src/stm32f1xx_hal_msp.o
 .debug_macro   0x00016441      0x1d0 ./Core/Src/stm32f1xx_it.o
 .debug_macro   0x00016611      0x1b7 ./Core/Src/system_stm32f1xx.o
 .debug_macro   0x000167c8      0x1db ./Drivers/STM32F1xx_HAL_Driver/stm32f1xx_hal.o
 .debug_macro   0x000169a3      0x1d4 ./Drivers/STM32F1xx_HAL_Driver/stm32f1xx_hal_adc.o
 .debug_macro   0x00016b77      0x1c9 ./Drivers/STM32F1xx_HAL_Driver/stm32f1xx_hal_adc_ex.o
 .debug_macro   0x00016d40      0x1b7 ./Drivers/STM32F1xx_HAL_Driver/stm32f1xx_hal_cortex.o
 .debug_macro   0x00016ef7      0x1b7 ./Drivers/STM32F1xx_HAL_Driver/stm32f1xx_hal_dma.o
 .debug_macro   0x000170ae      0x222 ./Drivers/STM32F1xx_HAL_Driver/stm32f1xx_hal_gpio.o
 .debug_macro   0x000172d0      0x1c9 ./Drivers/STM32F1xx_HAL_Driver/stm32f1xx_hal_rcc.o
 .debug_macro   0x00017499      0x1b7 ./Drivers/STM32F1xx_HAL_Driver/stm32f1xx_hal_rcc_ex.o
 .debug_macro   0x00017650      0x1b8 ./Drivers/STM32F1xx_HAL_Driver/stm32f1xx_hal_tim.o
 .debug_macro   0x00017808      0x1b7 ./Drivers/STM32F1xx_HAL_Driver/stm32f1xx_hal_tim_ex.o
 .debug_macro   0x000179bf      0x1b8 ./Drivers/STM32F1xx_HAL_Driver/stm32f1xx_hal_uart.o
 .debug_macro   0x00017b77      0x2e5 ./Scan_matrix_button/scan_matrix.o
 .debug_macro   0x00017e5c       0x61 ./Scan_matrix_button/scan_matrix.o
 .debug_macro   0x00017ebd       0x10 ./Scan_matrix_button/scan_matrix.o
 .debug_macro   0x00017ecd       0x20 ./Scan_matrix_button/scan_matrix.o

.debug_line     0x00000000    0x111e8
 .debug_line    0x00000000      0xa24 ./Core/Src/app_run.o
 .debug_line    0x00000a24      0x95c ./Core/Src/main.o
 .debug_line    0x00001380      0x86d ./Core/Src/stm32f1xx_hal_msp.o
 .debug_line    0x00001bed      0x879 ./Core/Src/stm32f1xx_it.o
 .debug_line    0x00002466      0x7e9 ./Core/Src/system_stm32f1xx.o
 .debug_line    0x00002c4f       0x78 ./Core/Startup/startup_stm32f103c8tx.o
 .debug_line    0x00002cc7      0xa50 ./Drivers/STM32F1xx_HAL_Driver/stm32f1xx_hal.o
 .debug_line    0x00003717     0x1075 ./Drivers/STM32F1xx_HAL_Driver/stm32f1xx_hal_adc.o
 .debug_line    0x0000478c      0xd97 ./Drivers/STM32F1xx_HAL_Driver/stm32f1xx_hal_adc_ex.o
 .debug_line    0x00005523      0xc1a ./Drivers/STM32F1xx_HAL_Driver/stm32f1xx_hal_cortex.o
 .debug_line    0x0000613d      0xe5a ./Drivers/STM32F1xx_HAL_Driver/stm32f1xx_hal_dma.o
 .debug_line    0x00006f97      0xaad ./Drivers/STM32F1xx_HAL_Driver/stm32f1xx_hal_gpio.o
 .debug_line    0x00007a44      0xf09 ./Drivers/STM32F1xx_HAL_Driver/stm32f1xx_hal_rcc.o
 .debug_line    0x0000894d      0x9ba ./Drivers/STM32F1xx_HAL_Driver/stm32f1xx_hal_rcc_ex.o
 .debug_line    0x00009307     0x353e ./Drivers/STM32F1xx_HAL_Driver/stm32f1xx_hal_tim.o
 .debug_line    0x0000c845     0x1914 ./Drivers/STM32F1xx_HAL_Driver/stm32f1xx_hal_tim_ex.o
 .debug_line    0x0000e159     0x256c ./Drivers/STM32F1xx_HAL_Driver/stm32f1xx_hal_uart.o
 .debug_line    0x000106c5      0xb23 ./Scan_matrix_button/scan_matrix.o

.debug_str      0x00000000    0x8f457
 .debug_str     0x00000000    0x8f457 ./Core/Src/app_run.o
                              0x88d4b (size before relaxing)
 .debug_str     0x0008f457    0x8914c ./Core/Src/main.o
 .debug_str     0x0008f457    0x88e61 ./Core/Src/stm32f1xx_hal_msp.o
 .debug_str     0x0008f457    0x88ad2 ./Core/Src/stm32f1xx_it.o
 .debug_str     0x0008f457    0x881a7 ./Core/Src/system_stm32f1xx.o
 .debug_str     0x0008f457       0x89 ./Core/Startup/startup_stm32f103c8tx.o
 .debug_str     0x0008f457    0x88910 ./Drivers/STM32F1xx_HAL_Driver/stm32f1xx_hal.o
 .debug_str     0x0008f457    0x888c1 ./Drivers/STM32F1xx_HAL_Driver/stm32f1xx_hal_adc.o
 .debug_str     0x0008f457    0x88891 ./Drivers/STM32F1xx_HAL_Driver/stm32f1xx_hal_adc_ex.o
 .debug_str     0x0008f457    0x8885c ./Drivers/STM32F1xx_HAL_Driver/stm32f1xx_hal_cortex.o
 .debug_str     0x0008f457    0x88586 ./Drivers/STM32F1xx_HAL_Driver/stm32f1xx_hal_dma.o
 .debug_str     0x0008f457    0x88563 ./Drivers/STM32F1xx_HAL_Driver/stm32f1xx_hal_gpio.o
 .debug_str     0x0008f457    0x8860c ./Drivers/STM32F1xx_HAL_Driver/stm32f1xx_hal_rcc.o
 .debug_str     0x0008f457    0x8835c ./Drivers/STM32F1xx_HAL_Driver/stm32f1xx_hal_rcc_ex.o
 .debug_str     0x0008f457    0x8960e ./Drivers/STM32F1xx_HAL_Driver/stm32f1xx_hal_tim.o
 .debug_str     0x0008f457    0x88e1a ./Drivers/STM32F1xx_HAL_Driver/stm32f1xx_hal_tim_ex.o
 .debug_str     0x0008f457    0x88c7d ./Drivers/STM32F1xx_HAL_Driver/stm32f1xx_hal_uart.o
 .debug_str     0x0008f457    0x8b661 ./Scan_matrix_button/scan_matrix.o

.comment        0x00000000       0x43
 .comment       0x00000000       0x43 ./Core/Src/app_run.o
                                 0x44 (size before relaxing)
 .comment       0x00000043       0x44 ./Core/Src/main.o
 .comment       0x00000043       0x44 ./Core/Src/stm32f1xx_hal_msp.o
 .comment       0x00000043       0x44 ./Core/Src/stm32f1xx_it.o
 .comment       0x00000043       0x44 ./Core/Src/system_stm32f1xx.o
 .comment       0x00000043       0x44 ./Drivers/STM32F1xx_HAL_Driver/stm32f1xx_hal.o
 .comment       0x00000043       0x44 ./Drivers/STM32F1xx_HAL_Driver/stm32f1xx_hal_adc.o
 .comment       0x00000043       0x44 ./Drivers/STM32F1xx_HAL_Driver/stm32f1xx_hal_adc_ex.o
 .comment       0x00000043       0x44 ./Drivers/STM32F1xx_HAL_Driver/stm32f1xx_hal_cortex.o
 .comment       0x00000043       0x44 ./Drivers/STM32F1xx_HAL_Driver/stm32f1xx_hal_dma.o
 .comment       0x00000043       0x44 ./Drivers/STM32F1xx_HAL_Driver/stm32f1xx_hal_gpio.o
 .comment       0x00000043       0x44 ./Drivers/STM32F1xx_HAL_Driver/stm32f1xx_hal_rcc.o
 .comment       0x00000043       0x44 ./Drivers/STM32F1xx_HAL_Driver/stm32f1xx_hal_rcc_ex.o
 .comment       0x00000043       0x44 ./Drivers/STM32F1xx_HAL_Driver/stm32f1xx_hal_tim.o
 .comment       0x00000043       0x44 ./Drivers/STM32F1xx_HAL_Driver/stm32f1xx_hal_tim_ex.o
 .comment       0x00000043       0x44 ./Drivers/STM32F1xx_HAL_Driver/stm32f1xx_hal_uart.o
 .comment       0x00000043       0x44 ./Scan_matrix_button/scan_matrix.o

.debug_frame    0x00000000     0x3b10
 .debug_frame   0x00000000       0xe0 ./Core/Src/app_run.o
 .debug_frame   0x000000e0      0x114 ./Core/Src/main.o
 .debug_frame   0x000001f4      0x110 ./Core/Src/stm32f1xx_hal_msp.o
 .debug_frame   0x00000304      0x174 ./Core/Src/stm32f1xx_it.o
 .debug_frame   0x00000478       0x58 ./Core/Src/system_stm32f1xx.o
 .debug_frame   0x000004d0      0x334 ./Drivers/STM32F1xx_HAL_Driver/stm32f1xx_hal.o
 .debug_frame   0x00000804      0x40c ./Drivers/STM32F1xx_HAL_Driver/stm32f1xx_hal_adc.o
 .debug_frame   0x00000c10      0x200 ./Drivers/STM32F1xx_HAL_Driver/stm32f1xx_hal_adc_ex.o
 .debug_frame   0x00000e10      0x428 ./Drivers/STM32F1xx_HAL_Driver/stm32f1xx_hal_cortex.o
 .debug_frame   0x00001238      0x208 ./Drivers/STM32F1xx_HAL_Driver/stm32f1xx_hal_dma.o
 .debug_frame   0x00001440      0x14c ./Drivers/STM32F1xx_HAL_Driver/stm32f1xx_hal_gpio.o
 .debug_frame   0x0000158c      0x218 ./Drivers/STM32F1xx_HAL_Driver/stm32f1xx_hal_rcc.o
 .debug_frame   0x000017a4       0x80 ./Drivers/STM32F1xx_HAL_Driver/stm32f1xx_hal_rcc_ex.o
 .debug_frame   0x00001824     0x11b8 ./Drivers/STM32F1xx_HAL_Driver/stm32f1xx_hal_tim.o
 .debug_frame   0x000029dc      0x638 ./Drivers/STM32F1xx_HAL_Driver/stm32f1xx_hal_tim_ex.o
 .debug_frame   0x00003014      0x944 ./Drivers/STM32F1xx_HAL_Driver/stm32f1xx_hal_uart.o
 .debug_frame   0x00003958       0xc4 ./Scan_matrix_button/scan_matrix.o
 .debug_frame   0x00003a1c       0x20 /home/admin1/st/stm32cubeide_1.19.0/plugins/com.st.stm32cube.ide.mcu.externaltools.gnu-tools-for-stm32.13.3.rel1.linux64_1.0.0.202410170706/tools/bin/../lib/gcc/arm-none-eabi/13.3.1/../../../../arm-none-eabi/lib/thumb/v7-m/nofp/libc_nano.a(libc_a-memset.o)
 .debug_frame   0x00003a3c       0x2c /home/admin1/st/stm32cubeide_1.19.0/plugins/com.st.stm32cube.ide.mcu.externaltools.gnu-tools-for-stm32.13.3.rel1.linux64_1.0.0.202410170706/tools/bin/../lib/gcc/arm-none-eabi/13.3.1/../../../../arm-none-eabi/lib/thumb/v7-m/nofp/libc_nano.a(libc_a-init.o)
 .debug_frame   0x00003a68       0x4c /home/admin1/st/stm32cubeide_1.19.0/plugins/com.st.stm32cube.ide.mcu.externaltools.gnu-tools-for-stm32.13.3.rel1.linux64_1.0.0.202410170706/tools/bin/../lib/gcc/arm-none-eabi/13.3.1/thumb/v7-m/nofp/libgcc.a(_arm_addsubsf3.o)
 .debug_frame   0x00003ab4       0x38 /home/admin1/st/stm32cubeide_1.19.0/plugins/com.st.stm32cube.ide.mcu.externaltools.gnu-tools-for-stm32.13.3.rel1.linux64_1.0.0.202410170706/tools/bin/../lib/gcc/arm-none-eabi/13.3.1/thumb/v7-m/nofp/libgcc.a(_arm_muldivsf3.o)
 .debug_frame   0x00003aec       0x24 /home/admin1/st/stm32cubeide_1.19.0/plugins/com.st.stm32cube.ide.mcu.externaltools.gnu-tools-for-stm32.13.3.rel1.linux64_1.0.0.202410170706/tools/bin/../lib/gcc/arm-none-eabi/13.3.1/thumb/v7-m/nofp/libgcc.a(_arm_fixunssfsi.o)

.debug_line_str
                0x00000000       0x6d
 .debug_line_str
                0x00000000       0x6d ./Core/Startup/startup_stm32f103c8tx.o
